---
source: tests/reads.rs
expression: snapshot.trim_end()
---
## json
response 406021645..406021692 n=30 read_through=-
read blocks blocks=-..- cols=[hash,number,timestamp] block_column=number at=30:93506a4edf3520f0 -> rows=30
read blocks blocks=0..- cols=[number] block_column=number required=[hash,number,timestamp] positions -> rows=48
read instructions blocks=-..- cols=[a0,a1,a10,a11,a12,a13,a14,a15,a2,a3,a4,a5,a6,a7,a8,a9,accounts_size,block_number,data,data_size,instruction_address,program_id,rest_accounts,transaction_index] block_column=block_number at=174:d058164a6cef1978 -> rows=174
read instructions blocks=0..- cols=[accounts_size,block_number,data_size,instruction_address,transaction_index] block_column=block_number required=[a0,a1,a10,a11,a12,a13,a14,a15,a2,a3,a4,a5,a6,a7,a8,a9,accounts_size,data,data_size,instruction_address,program_id,rest_accounts] items=[program_id in(Utf8: "whirLbMiicVdio4qvUfM5KAg6Ct8VwpYzGff3uctyCc") d8 in(UInt64: "17926189716184860616") is_committed eq(Boolean(true))] positions window=0..- -> rows=58
read instructions blocks=406021645..406021692 cols=[accounts_size,block_number,data_size,instruction_address,transaction_index] block_column=block_number required=[a0,a1,a10,a11,a12,a13,a14,a15,a2,a3,a4,a5,a6,a7,a8,a9,accounts_size,data,data_size,instruction_address,program_id,rest_accounts] keys=[block_number,transaction_index] block=block_number as pairs hierarchy=children[block_number,transaction_index]/instruction_address positions window=0..- -> rows=116
read transactions blocks=-..- cols=[block_number,err,signatures,signatures_size,transaction_index] block_column=block_number at=54:a6a8390ff4d19b75 -> rows=54
read transactions blocks=406021645..406021692 cols=[block_number,signatures_size,transaction_index] block_column=block_number required=[err,signatures,signatures_size] keys=[block_number,transaction_index] block=block_number as pairs positions window=0..- -> rows=54

## json, page 256 KiB
response 406021645..406021692 n=30 read_through=-
read blocks blocks=-..- cols=[hash,number,timestamp] block_column=number at=30:93506a4edf3520f0 -> rows=30
read blocks blocks=0..- cols=[number] block_column=number required=[hash,number,timestamp] positions -> rows=48
read instructions blocks=-..- cols=[a0,a1,a10,a11,a12,a13,a14,a15,a2,a3,a4,a5,a6,a7,a8,a9,accounts_size,block_number,data,data_size,instruction_address,program_id,rest_accounts,transaction_index] block_column=block_number at=174:d058164a6cef1978 -> rows=174
read instructions blocks=0..- cols=[accounts_size,block_number,data_size,instruction_address,transaction_index] block_column=block_number required=[a0,a1,a10,a11,a12,a13,a14,a15,a2,a3,a4,a5,a6,a7,a8,a9,accounts_size,data,data_size,instruction_address,program_id,rest_accounts] items=[program_id in(Utf8: "whirLbMiicVdio4qvUfM5KAg6Ct8VwpYzGff3uctyCc") d8 in(UInt64: "17926189716184860616") is_committed eq(Boolean(true))] positions window=0..- -> rows=58
read instructions blocks=406021645..406021692 cols=[accounts_size,block_number,data_size,instruction_address,transaction_index] block_column=block_number required=[a0,a1,a10,a11,a12,a13,a14,a15,a2,a3,a4,a5,a6,a7,a8,a9,accounts_size,data,data_size,instruction_address,program_id,rest_accounts] keys=[block_number,transaction_index] block=block_number as pairs hierarchy=children[block_number,transaction_index]/instruction_address positions window=0..- -> rows=116
read transactions blocks=-..- cols=[block_number,err,signatures,signatures_size,transaction_index] block_column=block_number at=54:a6a8390ff4d19b75 -> rows=54
read transactions blocks=406021645..406021692 cols=[block_number,signatures_size,transaction_index] block_column=block_number required=[err,signatures,signatures_size] keys=[block_number,transaction_index] block=block_number as pairs positions window=0..- -> rows=54

## arrow
response 406021645..406021692 n=30
read blocks blocks=-..- cols=[hash,number,timestamp] block_column=number at=30:93506a4edf3520f0 -> rows=30
read blocks blocks=0..- cols=[number] block_column=number required=[hash,number,timestamp] positions -> rows=48
read instructions blocks=-..- cols=[a0,a1,a10,a11,a12,a13,a14,a15,a2,a3,a4,a5,a6,a7,a8,a9,accounts_size,block_number,data,data_size,instruction_address,program_id,rest_accounts,transaction_index] block_column=block_number at=174:d058164a6cef1978 -> rows=174
read instructions blocks=0..- cols=[accounts_size,block_number,data_size,instruction_address,transaction_index] block_column=block_number required=[a0,a1,a10,a11,a12,a13,a14,a15,a2,a3,a4,a5,a6,a7,a8,a9,accounts_size,data,data_size,instruction_address,program_id,rest_accounts] items=[program_id in(Utf8: "whirLbMiicVdio4qvUfM5KAg6Ct8VwpYzGff3uctyCc") d8 in(UInt64: "17926189716184860616") is_committed eq(Boolean(true))] positions window=0..- -> rows=58
read instructions blocks=406021645..406021692 cols=[accounts_size,block_number,data_size,instruction_address,transaction_index] block_column=block_number required=[a0,a1,a10,a11,a12,a13,a14,a15,a2,a3,a4,a5,a6,a7,a8,a9,accounts_size,data,data_size,instruction_address,program_id,rest_accounts] keys=[block_number,transaction_index] block=block_number as pairs hierarchy=children[block_number,transaction_index]/instruction_address positions window=0..- -> rows=116
read transactions blocks=-..- cols=[block_number,err,signatures,signatures_size,transaction_index] block_column=block_number at=54:a6a8390ff4d19b75 -> rows=54
read transactions blocks=406021645..406021692 cols=[block_number,signatures_size,transaction_index] block_column=block_number required=[err,signatures,signatures_size] keys=[block_number,transaction_index] block=block_number as pairs positions window=0..- -> rows=54
